Archive member included because of file (symbol)

f:/application/winavr/bin/../lib/gcc/avr/4.3.3/../../../../avr/lib/avr4\libm.a(addsf3.o)
                              main.o (__addsf3)
f:/application/winavr/bin/../lib/gcc/avr/4.3.3/../../../../avr/lib/avr4\libm.a(addsf3x.o)
                              f:/application/winavr/bin/../lib/gcc/avr/4.3.3/../../../../avr/lib/avr4\libm.a(addsf3.o) (__addsf3x)
f:/application/winavr/bin/../lib/gcc/avr/4.3.3/../../../../avr/lib/avr4\libm.a(divsf3.o)
                              main.o (__divsf3)
f:/application/winavr/bin/../lib/gcc/avr/4.3.3/../../../../avr/lib/avr4\libm.a(divsf3x.o)
                              f:/application/winavr/bin/../lib/gcc/avr/4.3.3/../../../../avr/lib/avr4\libm.a(divsf3.o) (__divsf3x)
f:/application/winavr/bin/../lib/gcc/avr/4.3.3/../../../../avr/lib/avr4\libm.a(fixsfsi.o)
                              main.o (__fixsfsi)
f:/application/winavr/bin/../lib/gcc/avr/4.3.3/../../../../avr/lib/avr4\libm.a(fixunssfsi.o)
                              f:/application/winavr/bin/../lib/gcc/avr/4.3.3/../../../../avr/lib/avr4\libm.a(fixsfsi.o) (__fixunssfsi)
f:/application/winavr/bin/../lib/gcc/avr/4.3.3/../../../../avr/lib/avr4\libm.a(floatsisf.o)
                              main.o (__floatsisf)
f:/application/winavr/bin/../lib/gcc/avr/4.3.3/../../../../avr/lib/avr4\libm.a(fp_inf.o)
                              f:/application/winavr/bin/../lib/gcc/avr/4.3.3/../../../../avr/lib/avr4\libm.a(addsf3x.o) (__fp_inf)
f:/application/winavr/bin/../lib/gcc/avr/4.3.3/../../../../avr/lib/avr4\libm.a(fp_nan.o)
                              f:/application/winavr/bin/../lib/gcc/avr/4.3.3/../../../../avr/lib/avr4\libm.a(addsf3x.o) (__fp_nan)
f:/application/winavr/bin/../lib/gcc/avr/4.3.3/../../../../avr/lib/avr4\libm.a(fp_pscA.o)
                              f:/application/winavr/bin/../lib/gcc/avr/4.3.3/../../../../avr/lib/avr4\libm.a(addsf3x.o) (__fp_pscA)
f:/application/winavr/bin/../lib/gcc/avr/4.3.3/../../../../avr/lib/avr4\libm.a(fp_pscB.o)
                              f:/application/winavr/bin/../lib/gcc/avr/4.3.3/../../../../avr/lib/avr4\libm.a(addsf3x.o) (__fp_pscB)
f:/application/winavr/bin/../lib/gcc/avr/4.3.3/../../../../avr/lib/avr4\libm.a(fp_round.o)
                              f:/application/winavr/bin/../lib/gcc/avr/4.3.3/../../../../avr/lib/avr4\libm.a(addsf3.o) (__fp_round)
f:/application/winavr/bin/../lib/gcc/avr/4.3.3/../../../../avr/lib/avr4\libm.a(fp_split3.o)
                              f:/application/winavr/bin/../lib/gcc/avr/4.3.3/../../../../avr/lib/avr4\libm.a(addsf3x.o) (__fp_split3)
f:/application/winavr/bin/../lib/gcc/avr/4.3.3/../../../../avr/lib/avr4\libm.a(fp_zero.o)
                              f:/application/winavr/bin/../lib/gcc/avr/4.3.3/../../../../avr/lib/avr4\libm.a(addsf3x.o) (__fp_zero)
f:/application/winavr/bin/../lib/gcc/avr/4.3.3/../../../../avr/lib/avr4\libm.a(mulsf3.o)
                              main.o (__mulsf3)
f:/application/winavr/bin/../lib/gcc/avr/4.3.3/../../../../avr/lib/avr4\libm.a(mulsf3x.o)
                              f:/application/winavr/bin/../lib/gcc/avr/4.3.3/../../../../avr/lib/avr4\libm.a(mulsf3.o) (__mulsf3x)
f:/application/winavr/bin/../lib/gcc/avr/4.3.3/avr4\libgcc.a(_mulsi3.o)
                              main.o (__mulsi3)
f:/application/winavr/bin/../lib/gcc/avr/4.3.3/avr4\libgcc.a(_divmodhi4.o)
                              main.o (__divmodhi4)
f:/application/winavr/bin/../lib/gcc/avr/4.3.3/avr4\libgcc.a(_udivmodsi4.o)
                              main.o (__udivmodsi4)
f:/application/winavr/bin/../lib/gcc/avr/4.3.3/avr4\libgcc.a(_exit.o)
                              f:/application/winavr/bin/../lib/gcc/avr/4.3.3/../../../../avr/lib/avr4/crtm8.o (exit)
f:/application/winavr/bin/../lib/gcc/avr/4.3.3/avr4\libgcc.a(_copy_data.o)
                              main.o (__do_copy_data)
f:/application/winavr/bin/../lib/gcc/avr/4.3.3/avr4\libgcc.a(_clear_bss.o)
                              main.o (__do_clear_bss)
f:/application/winavr/bin/../lib/gcc/avr/4.3.3/avr4\libgcc.a(_udivmodhi4.o)
                              f:/application/winavr/bin/../lib/gcc/avr/4.3.3/avr4\libgcc.a(_divmodhi4.o) (__udivmodhi4)

Memory Configuration

Name             Origin             Length             Attributes
text             0x00000000         0x00002000         xr
data             0x00800060         0x0000ffa0         rw !x
eeprom           0x00810000         0x00010000         rw !x
fuse             0x00820000         0x00000400         rw !x
lock             0x00830000         0x00000400         rw !x
signature        0x00840000         0x00000400         rw !x
*default*        0x00000000         0xffffffff

Linker script and memory map

LOAD f:/application/winavr/bin/../lib/gcc/avr/4.3.3/../../../../avr/lib/avr4/crtm8.o
LOAD main.o
LOAD f:/application/winavr/bin/../lib/gcc/avr/4.3.3/../../../../avr/lib/avr4\libm.a
LOAD f:/application/winavr/bin/../lib/gcc/avr/4.3.3/avr4\libgcc.a
LOAD f:/application/winavr/bin/../lib/gcc/avr/4.3.3/../../../../avr/lib/avr4\libc.a
LOAD f:/application/winavr/bin/../lib/gcc/avr/4.3.3/avr4\libgcc.a

.hash
 *(.hash)

.dynsym
 *(.dynsym)

.dynstr
 *(.dynstr)

.gnu.version
 *(.gnu.version)

.gnu.version_d
 *(.gnu.version_d)

.gnu.version_r
 *(.gnu.version_r)

.rel.init
 *(.rel.init)

.rela.init
 *(.rela.init)

.rel.text
 *(.rel.text)
 *(.rel.text.*)
 *(.rel.gnu.linkonce.t*)

.rela.text
 *(.rela.text)
 *(.rela.text.*)
 *(.rela.gnu.linkonce.t*)

.rel.fini
 *(.rel.fini)

.rela.fini
 *(.rela.fini)

.rel.rodata
 *(.rel.rodata)
 *(.rel.rodata.*)
 *(.rel.gnu.linkonce.r*)

.rela.rodata
 *(.rela.rodata)
 *(.rela.rodata.*)
 *(.rela.gnu.linkonce.r*)

.rel.data
 *(.rel.data)
 *(.rel.data.*)
 *(.rel.gnu.linkonce.d*)

.rela.data
 *(.rela.data)
 *(.rela.data.*)
 *(.rela.gnu.linkonce.d*)

.rel.ctors
 *(.rel.ctors)

.rela.ctors
 *(.rela.ctors)

.rel.dtors
 *(.rel.dtors)

.rela.dtors
 *(.rela.dtors)

.rel.got
 *(.rel.got)

.rela.got
 *(.rela.got)

.rel.bss
 *(.rel.bss)

.rela.bss
 *(.rela.bss)

.rel.plt
 *(.rel.plt)

.rela.plt
 *(.rela.plt)

.text           0x00000000      0x87c
 *(.vectors)
 .vectors       0x00000000       0x26 f:/application/winavr/bin/../lib/gcc/avr/4.3.3/../../../../avr/lib/avr4/crtm8.o
                0x00000000                __vectors
                0x00000000                __vector_default
 *(.vectors)
 *(.progmem.gcc*)
 *(.progmem*)
                0x00000026                . = ALIGN (0x2)
                0x00000026                __trampolines_start = .
 *(.trampolines)
 .trampolines   0x00000026        0x0 linker stubs
 *(.trampolines*)
                0x00000026                __trampolines_end = .
 *(.jumptables)
 *(.jumptables*)
 *(.lowtext)
 *(.lowtext*)
                0x00000026                __ctors_start = .
 *(.ctors)
                0x00000026                __ctors_end = .
                0x00000026                __dtors_start = .
 *(.dtors)
                0x00000026                __dtors_end = .
 SORT(*)(.ctors)
 SORT(*)(.dtors)
 *(.init0)
 .init0         0x00000026        0x0 f:/application/winavr/bin/../lib/gcc/avr/4.3.3/../../../../avr/lib/avr4/crtm8.o
                0x00000026                __init
 *(.init0)
 *(.init1)
 *(.init1)
 *(.init2)
 .init2         0x00000026        0xc f:/application/winavr/bin/../lib/gcc/avr/4.3.3/../../../../avr/lib/avr4/crtm8.o
 *(.init2)
 *(.init3)
 *(.init3)
 *(.init4)
 .init4         0x00000032       0x16 f:/application/winavr/bin/../lib/gcc/avr/4.3.3/avr4\libgcc.a(_copy_data.o)
                0x00000032                __do_copy_data
 .init4         0x00000048       0x10 f:/application/winavr/bin/../lib/gcc/avr/4.3.3/avr4\libgcc.a(_clear_bss.o)
                0x00000048                __do_clear_bss
 *(.init4)
 *(.init5)
 *(.init5)
 *(.init6)
 *(.init6)
 *(.init7)
 *(.init7)
 *(.init8)
 *(.init8)
 *(.init9)
 .init9         0x00000058        0x4 f:/application/winavr/bin/../lib/gcc/avr/4.3.3/../../../../avr/lib/avr4/crtm8.o
 *(.init9)
 *(.text)
 .text          0x0000005c        0x2 f:/application/winavr/bin/../lib/gcc/avr/4.3.3/../../../../avr/lib/avr4/crtm8.o
                0x0000005c                __vector_1
                0x0000005c                __vector_12
                0x0000005c                __bad_interrupt
                0x0000005c                __vector_6
                0x0000005c                __vector_3
                0x0000005c                __vector_11
                0x0000005c                __vector_13
                0x0000005c                __vector_17
                0x0000005c                __vector_7
                0x0000005c                __vector_5
                0x0000005c                __vector_4
                0x0000005c                __vector_9
                0x0000005c                __vector_2
                0x0000005c                __vector_15
                0x0000005c                __vector_8
                0x0000005c                __vector_14
                0x0000005c                __vector_10
                0x0000005c                __vector_16
                0x0000005c                __vector_18
 .text          0x0000005e      0x36c main.o
                0x00000084                motors(int, int)
                0x00000268                followPID()
                0x0000005e                init_motors()
                0x000003ba                main
                0x00000154                read_line()
                0x000000b4                readsens()
 .text          0x000003ca        0x0 f:/application/winavr/bin/../lib/gcc/avr/4.3.3/../../../../avr/lib/avr4\libm.a(addsf3.o)
 .text          0x000003ca        0x0 f:/application/winavr/bin/../lib/gcc/avr/4.3.3/../../../../avr/lib/avr4\libm.a(addsf3x.o)
 .text          0x000003ca        0x0 f:/application/winavr/bin/../lib/gcc/avr/4.3.3/../../../../avr/lib/avr4\libm.a(divsf3.o)
 .text          0x000003ca        0x0 f:/application/winavr/bin/../lib/gcc/avr/4.3.3/../../../../avr/lib/avr4\libm.a(divsf3x.o)
 .text          0x000003ca        0x0 f:/application/winavr/bin/../lib/gcc/avr/4.3.3/../../../../avr/lib/avr4\libm.a(fixsfsi.o)
 .text          0x000003ca        0x0 f:/application/winavr/bin/../lib/gcc/avr/4.3.3/../../../../avr/lib/avr4\libm.a(fixunssfsi.o)
 .text          0x000003ca        0x0 f:/application/winavr/bin/../lib/gcc/avr/4.3.3/../../../../avr/lib/avr4\libm.a(floatsisf.o)
 .text          0x000003ca        0x0 f:/application/winavr/bin/../lib/gcc/avr/4.3.3/../../../../avr/lib/avr4\libm.a(fp_inf.o)
 .text          0x000003ca        0x0 f:/application/winavr/bin/../lib/gcc/avr/4.3.3/../../../../avr/lib/avr4\libm.a(fp_nan.o)
 .text          0x000003ca        0x0 f:/application/winavr/bin/../lib/gcc/avr/4.3.3/../../../../avr/lib/avr4\libm.a(fp_pscA.o)
 .text          0x000003ca        0x0 f:/application/winavr/bin/../lib/gcc/avr/4.3.3/../../../../avr/lib/avr4\libm.a(fp_pscB.o)
 .text          0x000003ca        0x0 f:/application/winavr/bin/../lib/gcc/avr/4.3.3/../../../../avr/lib/avr4\libm.a(fp_round.o)
 .text          0x000003ca        0x0 f:/application/winavr/bin/../lib/gcc/avr/4.3.3/../../../../avr/lib/avr4\libm.a(fp_split3.o)
 .text          0x000003ca        0x0 f:/application/winavr/bin/../lib/gcc/avr/4.3.3/../../../../avr/lib/avr4\libm.a(fp_zero.o)
 .text          0x000003ca        0x0 f:/application/winavr/bin/../lib/gcc/avr/4.3.3/../../../../avr/lib/avr4\libm.a(mulsf3.o)
 .text          0x000003ca        0x0 f:/application/winavr/bin/../lib/gcc/avr/4.3.3/../../../../avr/lib/avr4\libm.a(mulsf3x.o)
 .text          0x000003ca        0x0 f:/application/winavr/bin/../lib/gcc/avr/4.3.3/avr4\libgcc.a(_mulsi3.o)
 .text          0x000003ca        0x0 f:/application/winavr/bin/../lib/gcc/avr/4.3.3/avr4\libgcc.a(_divmodhi4.o)
 .text          0x000003ca        0x0 f:/application/winavr/bin/../lib/gcc/avr/4.3.3/avr4\libgcc.a(_udivmodsi4.o)
 .text          0x000003ca        0x0 f:/application/winavr/bin/../lib/gcc/avr/4.3.3/avr4\libgcc.a(_exit.o)
 .text          0x000003ca        0x0 f:/application/winavr/bin/../lib/gcc/avr/4.3.3/avr4\libgcc.a(_copy_data.o)
 .text          0x000003ca        0x0 f:/application/winavr/bin/../lib/gcc/avr/4.3.3/avr4\libgcc.a(_clear_bss.o)
 .text          0x000003ca        0x0 f:/application/winavr/bin/../lib/gcc/avr/4.3.3/avr4\libgcc.a(_udivmodhi4.o)
                0x000003ca                . = ALIGN (0x2)
 *(.text.*)
 .text.avr-libc.fplib
                0x000003ca        0xa f:/application/winavr/bin/../lib/gcc/avr/4.3.3/../../../../avr/lib/avr4\libm.a(addsf3.o)
                0x000003ca                __subsf3
                0x000003cc                __addsf3
 .text.avr-libc.fplib
                0x000003d4       0xc0 f:/application/winavr/bin/../lib/gcc/avr/4.3.3/../../../../avr/lib/avr4\libm.a(addsf3x.o)
                0x000003ee                __addsf3x
 .text.avr-libc.fplib
                0x00000494        0x4 f:/application/winavr/bin/../lib/gcc/avr/4.3.3/../../../../avr/lib/avr4\libm.a(divsf3.o)
                0x00000494                __divsf3
 .text.avr-libc.fplib
                0x00000498       0xcc f:/application/winavr/bin/../lib/gcc/avr/4.3.3/../../../../avr/lib/avr4\libm.a(divsf3x.o)
                0x000004ae                __divsf3x
                0x000004b2                __divsf3_pse
 .text.avr-libc.fplib
                0x00000564        0xa f:/application/winavr/bin/../lib/gcc/avr/4.3.3/../../../../avr/lib/avr4\libm.a(fixsfsi.o)
                0x00000564                __fixsfsi
 .text.avr-libc.fplib
                0x0000056e       0x58 f:/application/winavr/bin/../lib/gcc/avr/4.3.3/../../../../avr/lib/avr4\libm.a(fixunssfsi.o)
                0x0000056e                __fixunssfsi
 .text.avr-libc.fplib
                0x000005c6       0x7a f:/application/winavr/bin/../lib/gcc/avr/4.3.3/../../../../avr/lib/avr4\libm.a(floatsisf.o)
                0x000005ca                __floatsisf
                0x000005c6                __floatunsisf
 .text.avr-libc.fplib
                0x00000640        0xc f:/application/winavr/bin/../lib/gcc/avr/4.3.3/../../../../avr/lib/avr4\libm.a(fp_inf.o)
                0x00000640                __fp_inf
 .text.avr-libc.fplib
                0x0000064c        0x6 f:/application/winavr/bin/../lib/gcc/avr/4.3.3/../../../../avr/lib/avr4\libm.a(fp_nan.o)
                0x0000064c                __fp_nan
 .text.avr-libc.fplib
                0x00000652        0xe f:/application/winavr/bin/../lib/gcc/avr/4.3.3/../../../../avr/lib/avr4\libm.a(fp_pscA.o)
                0x00000652                __fp_pscA
 .text.avr-libc.fplib
                0x00000660        0xe f:/application/winavr/bin/../lib/gcc/avr/4.3.3/../../../../avr/lib/avr4\libm.a(fp_pscB.o)
                0x00000660                __fp_pscB
 .text.avr-libc.fplib
                0x0000066e       0x22 f:/application/winavr/bin/../lib/gcc/avr/4.3.3/../../../../avr/lib/avr4\libm.a(fp_round.o)
                0x0000066e                __fp_round
 .text.avr-libc.fplib
                0x00000690       0x44 f:/application/winavr/bin/../lib/gcc/avr/4.3.3/../../../../avr/lib/avr4\libm.a(fp_split3.o)
                0x00000690                __fp_split3
                0x000006a0                __fp_splitA
 .text.avr-libc.fplib
                0x000006d4        0xe f:/application/winavr/bin/../lib/gcc/avr/4.3.3/../../../../avr/lib/avr4\libm.a(fp_zero.o)
                0x000006d4                __fp_zero
                0x000006d6                __fp_szero
 .text.avr-libc.fplib
                0x000006e2        0x4 f:/application/winavr/bin/../lib/gcc/avr/4.3.3/../../../../avr/lib/avr4\libm.a(mulsf3.o)
                0x000006e2                __mulsf3
 .text.avr-libc.fplib
                0x000006e6       0xc2 f:/application/winavr/bin/../lib/gcc/avr/4.3.3/../../../../avr/lib/avr4\libm.a(mulsf3x.o)
                0x000006fe                __mulsf3_pse
                0x000006fa                __mulsf3x
 .text.libgcc   0x000007a8       0x3e f:/application/winavr/bin/../lib/gcc/avr/4.3.3/avr4\libgcc.a(_mulsi3.o)
                0x000007a8                __mulsi3
 .text.libgcc   0x000007e6       0x26 f:/application/winavr/bin/../lib/gcc/avr/4.3.3/avr4\libgcc.a(_divmodhi4.o)
                0x000007e6                __divmodhi4
                0x000007e6                _div
 .text.libgcc   0x0000080c       0x44 f:/application/winavr/bin/../lib/gcc/avr/4.3.3/avr4\libgcc.a(_udivmodsi4.o)
                0x0000080c                __udivmodsi4
 .text.libgcc   0x00000850        0x0 f:/application/winavr/bin/../lib/gcc/avr/4.3.3/avr4\libgcc.a(_exit.o)
 .text.libgcc   0x00000850        0x0 f:/application/winavr/bin/../lib/gcc/avr/4.3.3/avr4\libgcc.a(_copy_data.o)
 .text.libgcc   0x00000850        0x0 f:/application/winavr/bin/../lib/gcc/avr/4.3.3/avr4\libgcc.a(_clear_bss.o)
 .text.libgcc   0x00000850       0x28 f:/application/winavr/bin/../lib/gcc/avr/4.3.3/avr4\libgcc.a(_udivmodhi4.o)
                0x00000850                __udivmodhi4
                0x00000878                . = ALIGN (0x2)
 *(.fini9)
 .fini9         0x00000878        0x0 f:/application/winavr/bin/../lib/gcc/avr/4.3.3/avr4\libgcc.a(_exit.o)
                0x00000878                exit
                0x00000878                _exit
 *(.fini9)
 *(.fini8)
 *(.fini8)
 *(.fini7)
 *(.fini7)
 *(.fini6)
 *(.fini6)
 *(.fini5)
 *(.fini5)
 *(.fini4)
 *(.fini4)
 *(.fini3)
 *(.fini3)
 *(.fini2)
 *(.fini2)
 *(.fini1)
 *(.fini1)
 *(.fini0)
 .fini0         0x00000878        0x4 f:/application/winavr/bin/../lib/gcc/avr/4.3.3/avr4\libgcc.a(_exit.o)
 *(.fini0)
                0x0000087c                _etext = .

.data           0x00800060        0xe load address 0x0000087c
                0x00800060                PROVIDE (__data_start, .)
 *(.data)
 .data          0x00800060        0x0 f:/application/winavr/bin/../lib/gcc/avr/4.3.3/../../../../avr/lib/avr4/crtm8.o
 .data          0x00800060        0xe main.o
                0x0080006a                KD
                0x00800062                KP
                0x00800060                num_sensor
                0x00800066                KI
 .data          0x0080006e        0x0 f:/application/winavr/bin/../lib/gcc/avr/4.3.3/../../../../avr/lib/avr4\libm.a(addsf3.o)
 .data          0x0080006e        0x0 f:/application/winavr/bin/../lib/gcc/avr/4.3.3/../../../../avr/lib/avr4\libm.a(addsf3x.o)
 .data          0x0080006e        0x0 f:/application/winavr/bin/../lib/gcc/avr/4.3.3/../../../../avr/lib/avr4\libm.a(divsf3.o)
 .data          0x0080006e        0x0 f:/application/winavr/bin/../lib/gcc/avr/4.3.3/../../../../avr/lib/avr4\libm.a(divsf3x.o)
 .data          0x0080006e        0x0 f:/application/winavr/bin/../lib/gcc/avr/4.3.3/../../../../avr/lib/avr4\libm.a(fixsfsi.o)
 .data          0x0080006e        0x0 f:/application/winavr/bin/../lib/gcc/avr/4.3.3/../../../../avr/lib/avr4\libm.a(fixunssfsi.o)
 .data          0x0080006e        0x0 f:/application/winavr/bin/../lib/gcc/avr/4.3.3/../../../../avr/lib/avr4\libm.a(floatsisf.o)
 .data          0x0080006e        0x0 f:/application/winavr/bin/../lib/gcc/avr/4.3.3/../../../../avr/lib/avr4\libm.a(fp_inf.o)
 .data          0x0080006e        0x0 f:/application/winavr/bin/../lib/gcc/avr/4.3.3/../../../../avr/lib/avr4\libm.a(fp_nan.o)
 .data          0x0080006e        0x0 f:/application/winavr/bin/../lib/gcc/avr/4.3.3/../../../../avr/lib/avr4\libm.a(fp_pscA.o)
 .data          0x0080006e        0x0 f:/application/winavr/bin/../lib/gcc/avr/4.3.3/../../../../avr/lib/avr4\libm.a(fp_pscB.o)
 .data          0x0080006e        0x0 f:/application/winavr/bin/../lib/gcc/avr/4.3.3/../../../../avr/lib/avr4\libm.a(fp_round.o)
 .data          0x0080006e        0x0 f:/application/winavr/bin/../lib/gcc/avr/4.3.3/../../../../avr/lib/avr4\libm.a(fp_split3.o)
 .data          0x0080006e        0x0 f:/application/winavr/bin/../lib/gcc/avr/4.3.3/../../../../avr/lib/avr4\libm.a(fp_zero.o)
 .data          0x0080006e        0x0 f:/application/winavr/bin/../lib/gcc/avr/4.3.3/../../../../avr/lib/avr4\libm.a(mulsf3.o)
 .data          0x0080006e        0x0 f:/application/winavr/bin/../lib/gcc/avr/4.3.3/../../../../avr/lib/avr4\libm.a(mulsf3x.o)
 .data          0x0080006e        0x0 f:/application/winavr/bin/../lib/gcc/avr/4.3.3/avr4\libgcc.a(_mulsi3.o)
 .data          0x0080006e        0x0 f:/application/winavr/bin/../lib/gcc/avr/4.3.3/avr4\libgcc.a(_divmodhi4.o)
 .data          0x0080006e        0x0 f:/application/winavr/bin/../lib/gcc/avr/4.3.3/avr4\libgcc.a(_udivmodsi4.o)
 .data          0x0080006e        0x0 f:/application/winavr/bin/../lib/gcc/avr/4.3.3/avr4\libgcc.a(_exit.o)
 .data          0x0080006e        0x0 f:/application/winavr/bin/../lib/gcc/avr/4.3.3/avr4\libgcc.a(_copy_data.o)
 .data          0x0080006e        0x0 f:/application/winavr/bin/../lib/gcc/avr/4.3.3/avr4\libgcc.a(_clear_bss.o)
 .data          0x0080006e        0x0 f:/application/winavr/bin/../lib/gcc/avr/4.3.3/avr4\libgcc.a(_udivmodhi4.o)
 *(.data*)
 *(.rodata)
 *(.rodata*)
 *(.gnu.linkonce.d*)
                0x0080006e                . = ALIGN (0x2)
                0x0080006e                _edata = .
                0x0080006e                PROVIDE (__data_end, .)

.bss            0x0080006e       0x16
                0x0080006e                PROVIDE (__bss_start, .)
 *(.bss)
 .bss           0x0080006e        0x0 f:/application/winavr/bin/../lib/gcc/avr/4.3.3/../../../../avr/lib/avr4/crtm8.o
 .bss           0x0080006e       0x16 main.o
                0x0080006e                sensor_values
                0x00800080                last_proportional
                0x0080007e                integral
 .bss           0x00800084        0x0 f:/application/winavr/bin/../lib/gcc/avr/4.3.3/../../../../avr/lib/avr4\libm.a(addsf3.o)
 .bss           0x00800084        0x0 f:/application/winavr/bin/../lib/gcc/avr/4.3.3/../../../../avr/lib/avr4\libm.a(addsf3x.o)
 .bss           0x00800084        0x0 f:/application/winavr/bin/../lib/gcc/avr/4.3.3/../../../../avr/lib/avr4\libm.a(divsf3.o)
 .bss           0x00800084        0x0 f:/application/winavr/bin/../lib/gcc/avr/4.3.3/../../../../avr/lib/avr4\libm.a(divsf3x.o)
 .bss           0x00800084        0x0 f:/application/winavr/bin/../lib/gcc/avr/4.3.3/../../../../avr/lib/avr4\libm.a(fixsfsi.o)
 .bss           0x00800084        0x0 f:/application/winavr/bin/../lib/gcc/avr/4.3.3/../../../../avr/lib/avr4\libm.a(fixunssfsi.o)
 .bss           0x00800084        0x0 f:/application/winavr/bin/../lib/gcc/avr/4.3.3/../../../../avr/lib/avr4\libm.a(floatsisf.o)
 .bss           0x00800084        0x0 f:/application/winavr/bin/../lib/gcc/avr/4.3.3/../../../../avr/lib/avr4\libm.a(fp_inf.o)
 .bss           0x00800084        0x0 f:/application/winavr/bin/../lib/gcc/avr/4.3.3/../../../../avr/lib/avr4\libm.a(fp_nan.o)
 .bss           0x00800084        0x0 f:/application/winavr/bin/../lib/gcc/avr/4.3.3/../../../../avr/lib/avr4\libm.a(fp_pscA.o)
 .bss           0x00800084        0x0 f:/application/winavr/bin/../lib/gcc/avr/4.3.3/../../../../avr/lib/avr4\libm.a(fp_pscB.o)
 .bss           0x00800084        0x0 f:/application/winavr/bin/../lib/gcc/avr/4.3.3/../../../../avr/lib/avr4\libm.a(fp_round.o)
 .bss           0x00800084        0x0 f:/application/winavr/bin/../lib/gcc/avr/4.3.3/../../../../avr/lib/avr4\libm.a(fp_split3.o)
 .bss           0x00800084        0x0 f:/application/winavr/bin/../lib/gcc/avr/4.3.3/../../../../avr/lib/avr4\libm.a(fp_zero.o)
 .bss           0x00800084        0x0 f:/application/winavr/bin/../lib/gcc/avr/4.3.3/../../../../avr/lib/avr4\libm.a(mulsf3.o)
 .bss           0x00800084        0x0 f:/application/winavr/bin/../lib/gcc/avr/4.3.3/../../../../avr/lib/avr4\libm.a(mulsf3x.o)
 .bss           0x00800084        0x0 f:/application/winavr/bin/../lib/gcc/avr/4.3.3/avr4\libgcc.a(_mulsi3.o)
 .bss           0x00800084        0x0 f:/application/winavr/bin/../lib/gcc/avr/4.3.3/avr4\libgcc.a(_divmodhi4.o)
 .bss           0x00800084        0x0 f:/application/winavr/bin/../lib/gcc/avr/4.3.3/avr4\libgcc.a(_udivmodsi4.o)
 .bss           0x00800084        0x0 f:/application/winavr/bin/../lib/gcc/avr/4.3.3/avr4\libgcc.a(_exit.o)
 .bss           0x00800084        0x0 f:/application/winavr/bin/../lib/gcc/avr/4.3.3/avr4\libgcc.a(_copy_data.o)
 .bss           0x00800084        0x0 f:/application/winavr/bin/../lib/gcc/avr/4.3.3/avr4\libgcc.a(_clear_bss.o)
 .bss           0x00800084        0x0 f:/application/winavr/bin/../lib/gcc/avr/4.3.3/avr4\libgcc.a(_udivmodhi4.o)
 *(.bss*)
 *(COMMON)
                0x00800084                PROVIDE (__bss_end, .)
                0x0000087c                __data_load_start = LOADADDR (.data)
                0x0000088a                __data_load_end = (__data_load_start + SIZEOF (.data))

.noinit         0x00800084        0x0
                0x00800084                PROVIDE (__noinit_start, .)
 *(.noinit*)
                0x00800084                PROVIDE (__noinit_end, .)
                0x00800084                _end = .
                0x00800084                PROVIDE (__heap_start, .)

.eeprom         0x00810000        0x0
 *(.eeprom*)
                0x00810000                __eeprom_end = .

.fuse
 *(.fuse)
 *(.lfuse)
 *(.hfuse)
 *(.efuse)

.lock
 *(.lock*)

.signature
 *(.signature*)

.stab
 *(.stab)

.stabstr
 *(.stabstr)

.stab.excl
 *(.stab.excl)

.stab.exclstr
 *(.stab.exclstr)

.stab.index
 *(.stab.index)

.stab.indexstr
 *(.stab.indexstr)

.comment
 *(.comment)

.debug
 *(.debug)

.line
 *(.line)

.debug_srcinfo
 *(.debug_srcinfo)

.debug_sfnames
 *(.debug_sfnames)

.debug_aranges  0x00000000       0x20
 *(.debug_aranges)
 .debug_aranges
                0x00000000       0x20 main.o

.debug_pubnames
                0x00000000       0xb8
 *(.debug_pubnames)
 .debug_pubnames
                0x00000000       0xb8 main.o

.debug_info     0x00000000      0x2b1
 *(.debug_info)
 .debug_info    0x00000000      0x2b1 main.o
 *(.gnu.linkonce.wi.*)

.debug_abbrev   0x00000000      0x14a
 *(.debug_abbrev)
 .debug_abbrev  0x00000000      0x14a main.o

.debug_line     0x00000000      0x271
 *(.debug_line)
 .debug_line    0x00000000      0x271 main.o

.debug_frame    0x00000000       0x70
 *(.debug_frame)
 .debug_frame   0x00000000       0x70 main.o

.debug_str      0x00000000      0x1a4
 *(.debug_str)
 .debug_str     0x00000000      0x1a4 main.o
                                0x1f2 (size before relaxing)

.debug_loc      0x00000000      0x21a
 *(.debug_loc)
 .debug_loc     0x00000000      0x21a main.o

.debug_macinfo
 *(.debug_macinfo)
OUTPUT(main.elf elf32-avr)
LOAD linker stubs

Cross Reference Table

Symbol                                            File
KD                                                main.o
KI                                                main.o
KP                                                main.o
__addsf3                                          f:/application/winavr/bin/../lib/gcc/avr/4.3.3/../../../../avr/lib/avr4\libm.a(addsf3.o)
                                                  main.o
__addsf3x                                         f:/application/winavr/bin/../lib/gcc/avr/4.3.3/../../../../avr/lib/avr4\libm.a(addsf3x.o)
                                                  f:/application/winavr/bin/../lib/gcc/avr/4.3.3/../../../../avr/lib/avr4\libm.a(addsf3.o)
__bad_interrupt                                   f:/application/winavr/bin/../lib/gcc/avr/4.3.3/../../../../avr/lib/avr4/crtm8.o
__bss_end                                         f:/application/winavr/bin/../lib/gcc/avr/4.3.3/avr4\libgcc.a(_clear_bss.o)
__bss_start                                       f:/application/winavr/bin/../lib/gcc/avr/4.3.3/avr4\libgcc.a(_clear_bss.o)
__data_end                                        f:/application/winavr/bin/../lib/gcc/avr/4.3.3/avr4\libgcc.a(_copy_data.o)
__data_load_start                                 f:/application/winavr/bin/../lib/gcc/avr/4.3.3/avr4\libgcc.a(_copy_data.o)
__data_start                                      f:/application/winavr/bin/../lib/gcc/avr/4.3.3/avr4\libgcc.a(_copy_data.o)
__divmodhi4                                       f:/application/winavr/bin/../lib/gcc/avr/4.3.3/avr4\libgcc.a(_divmodhi4.o)
                                                  main.o
__divsf3                                          f:/application/winavr/bin/../lib/gcc/avr/4.3.3/../../../../avr/lib/avr4\libm.a(divsf3.o)
                                                  main.o
__divsf3_pse                                      f:/application/winavr/bin/../lib/gcc/avr/4.3.3/../../../../avr/lib/avr4\libm.a(divsf3x.o)
__divsf3x                                         f:/application/winavr/bin/../lib/gcc/avr/4.3.3/../../../../avr/lib/avr4\libm.a(divsf3x.o)
                                                  f:/application/winavr/bin/../lib/gcc/avr/4.3.3/../../../../avr/lib/avr4\libm.a(divsf3.o)
__do_clear_bss                                    f:/application/winavr/bin/../lib/gcc/avr/4.3.3/avr4\libgcc.a(_clear_bss.o)
                                                  main.o
__do_copy_data                                    f:/application/winavr/bin/../lib/gcc/avr/4.3.3/avr4\libgcc.a(_copy_data.o)
                                                  main.o
__fixsfsi                                         f:/application/winavr/bin/../lib/gcc/avr/4.3.3/../../../../avr/lib/avr4\libm.a(fixsfsi.o)
                                                  main.o
__fixunssfsi                                      f:/application/winavr/bin/../lib/gcc/avr/4.3.3/../../../../avr/lib/avr4\libm.a(fixunssfsi.o)
                                                  f:/application/winavr/bin/../lib/gcc/avr/4.3.3/../../../../avr/lib/avr4\libm.a(fixsfsi.o)
__floatsisf                                       f:/application/winavr/bin/../lib/gcc/avr/4.3.3/../../../../avr/lib/avr4\libm.a(floatsisf.o)
                                                  main.o
__floatunsisf                                     f:/application/winavr/bin/../lib/gcc/avr/4.3.3/../../../../avr/lib/avr4\libm.a(floatsisf.o)
__fp_inf                                          f:/application/winavr/bin/../lib/gcc/avr/4.3.3/../../../../avr/lib/avr4\libm.a(fp_inf.o)
                                                  f:/application/winavr/bin/../lib/gcc/avr/4.3.3/../../../../avr/lib/avr4\libm.a(mulsf3x.o)
                                                  f:/application/winavr/bin/../lib/gcc/avr/4.3.3/../../../../avr/lib/avr4\libm.a(divsf3x.o)
                                                  f:/application/winavr/bin/../lib/gcc/avr/4.3.3/../../../../avr/lib/avr4\libm.a(addsf3x.o)
__fp_nan                                          f:/application/winavr/bin/../lib/gcc/avr/4.3.3/../../../../avr/lib/avr4\libm.a(fp_nan.o)
                                                  f:/application/winavr/bin/../lib/gcc/avr/4.3.3/../../../../avr/lib/avr4\libm.a(mulsf3x.o)
                                                  f:/application/winavr/bin/../lib/gcc/avr/4.3.3/../../../../avr/lib/avr4\libm.a(divsf3x.o)
                                                  f:/application/winavr/bin/../lib/gcc/avr/4.3.3/../../../../avr/lib/avr4\libm.a(addsf3x.o)
__fp_pscA                                         f:/application/winavr/bin/../lib/gcc/avr/4.3.3/../../../../avr/lib/avr4\libm.a(fp_pscA.o)
                                                  f:/application/winavr/bin/../lib/gcc/avr/4.3.3/../../../../avr/lib/avr4\libm.a(mulsf3x.o)
                                                  f:/application/winavr/bin/../lib/gcc/avr/4.3.3/../../../../avr/lib/avr4\libm.a(divsf3x.o)
                                                  f:/application/winavr/bin/../lib/gcc/avr/4.3.3/../../../../avr/lib/avr4\libm.a(addsf3x.o)
__fp_pscB                                         f:/application/winavr/bin/../lib/gcc/avr/4.3.3/../../../../avr/lib/avr4\libm.a(fp_pscB.o)
                                                  f:/application/winavr/bin/../lib/gcc/avr/4.3.3/../../../../avr/lib/avr4\libm.a(mulsf3x.o)
                                                  f:/application/winavr/bin/../lib/gcc/avr/4.3.3/../../../../avr/lib/avr4\libm.a(divsf3x.o)
                                                  f:/application/winavr/bin/../lib/gcc/avr/4.3.3/../../../../avr/lib/avr4\libm.a(addsf3x.o)
__fp_round                                        f:/application/winavr/bin/../lib/gcc/avr/4.3.3/../../../../avr/lib/avr4\libm.a(fp_round.o)
                                                  f:/application/winavr/bin/../lib/gcc/avr/4.3.3/../../../../avr/lib/avr4\libm.a(mulsf3.o)
                                                  f:/application/winavr/bin/../lib/gcc/avr/4.3.3/../../../../avr/lib/avr4\libm.a(divsf3.o)
                                                  f:/application/winavr/bin/../lib/gcc/avr/4.3.3/../../../../avr/lib/avr4\libm.a(addsf3.o)
__fp_split3                                       f:/application/winavr/bin/../lib/gcc/avr/4.3.3/../../../../avr/lib/avr4\libm.a(fp_split3.o)
                                                  f:/application/winavr/bin/../lib/gcc/avr/4.3.3/../../../../avr/lib/avr4\libm.a(mulsf3x.o)
                                                  f:/application/winavr/bin/../lib/gcc/avr/4.3.3/../../../../avr/lib/avr4\libm.a(divsf3x.o)
                                                  f:/application/winavr/bin/../lib/gcc/avr/4.3.3/../../../../avr/lib/avr4\libm.a(addsf3x.o)
__fp_splitA                                       f:/application/winavr/bin/../lib/gcc/avr/4.3.3/../../../../avr/lib/avr4\libm.a(fp_split3.o)
                                                  f:/application/winavr/bin/../lib/gcc/avr/4.3.3/../../../../avr/lib/avr4\libm.a(fixunssfsi.o)
__fp_szero                                        f:/application/winavr/bin/../lib/gcc/avr/4.3.3/../../../../avr/lib/avr4\libm.a(fp_zero.o)
                                                  f:/application/winavr/bin/../lib/gcc/avr/4.3.3/../../../../avr/lib/avr4\libm.a(mulsf3x.o)
                                                  f:/application/winavr/bin/../lib/gcc/avr/4.3.3/../../../../avr/lib/avr4\libm.a(fixsfsi.o)
                                                  f:/application/winavr/bin/../lib/gcc/avr/4.3.3/../../../../avr/lib/avr4\libm.a(divsf3x.o)
__fp_zero                                         f:/application/winavr/bin/../lib/gcc/avr/4.3.3/../../../../avr/lib/avr4\libm.a(fp_zero.o)
                                                  f:/application/winavr/bin/../lib/gcc/avr/4.3.3/../../../../avr/lib/avr4\libm.a(fixunssfsi.o)
                                                  f:/application/winavr/bin/../lib/gcc/avr/4.3.3/../../../../avr/lib/avr4\libm.a(addsf3x.o)
__heap_end                                        f:/application/winavr/bin/../lib/gcc/avr/4.3.3/../../../../avr/lib/avr4/crtm8.o
__init                                            f:/application/winavr/bin/../lib/gcc/avr/4.3.3/../../../../avr/lib/avr4/crtm8.o
__mulsf3                                          f:/application/winavr/bin/../lib/gcc/avr/4.3.3/../../../../avr/lib/avr4\libm.a(mulsf3.o)
                                                  main.o
__mulsf3_pse                                      f:/application/winavr/bin/../lib/gcc/avr/4.3.3/../../../../avr/lib/avr4\libm.a(mulsf3x.o)
__mulsf3x                                         f:/application/winavr/bin/../lib/gcc/avr/4.3.3/../../../../avr/lib/avr4\libm.a(mulsf3x.o)
                                                  f:/application/winavr/bin/../lib/gcc/avr/4.3.3/../../../../avr/lib/avr4\libm.a(mulsf3.o)
__mulsi3                                          f:/application/winavr/bin/../lib/gcc/avr/4.3.3/avr4\libgcc.a(_mulsi3.o)
                                                  main.o
__stack                                           f:/application/winavr/bin/../lib/gcc/avr/4.3.3/../../../../avr/lib/avr4/crtm8.o
__subsf3                                          f:/application/winavr/bin/../lib/gcc/avr/4.3.3/../../../../avr/lib/avr4\libm.a(addsf3.o)
__udivmodhi4                                      f:/application/winavr/bin/../lib/gcc/avr/4.3.3/avr4\libgcc.a(_udivmodhi4.o)
                                                  f:/application/winavr/bin/../lib/gcc/avr/4.3.3/avr4\libgcc.a(_divmodhi4.o)
__udivmodsi4                                      f:/application/winavr/bin/../lib/gcc/avr/4.3.3/avr4\libgcc.a(_udivmodsi4.o)
                                                  main.o
__vector_1                                        f:/application/winavr/bin/../lib/gcc/avr/4.3.3/../../../../avr/lib/avr4/crtm8.o
__vector_10                                       f:/application/winavr/bin/../lib/gcc/avr/4.3.3/../../../../avr/lib/avr4/crtm8.o
__vector_11                                       f:/application/winavr/bin/../lib/gcc/avr/4.3.3/../../../../avr/lib/avr4/crtm8.o
__vector_12                                       f:/application/winavr/bin/../lib/gcc/avr/4.3.3/../../../../avr/lib/avr4/crtm8.o
__vector_13                                       f:/application/winavr/bin/../lib/gcc/avr/4.3.3/../../../../avr/lib/avr4/crtm8.o
__vector_14                                       f:/application/winavr/bin/../lib/gcc/avr/4.3.3/../../../../avr/lib/avr4/crtm8.o
__vector_15                                       f:/application/winavr/bin/../lib/gcc/avr/4.3.3/../../../../avr/lib/avr4/crtm8.o
__vector_16                                       f:/application/winavr/bin/../lib/gcc/avr/4.3.3/../../../../avr/lib/avr4/crtm8.o
__vector_17                                       f:/application/winavr/bin/../lib/gcc/avr/4.3.3/../../../../avr/lib/avr4/crtm8.o
__vector_18                                       f:/application/winavr/bin/../lib/gcc/avr/4.3.3/../../../../avr/lib/avr4/crtm8.o
__vector_2                                        f:/application/winavr/bin/../lib/gcc/avr/4.3.3/../../../../avr/lib/avr4/crtm8.o
__vector_3                                        f:/application/winavr/bin/../lib/gcc/avr/4.3.3/../../../../avr/lib/avr4/crtm8.o
__vector_4                                        f:/application/winavr/bin/../lib/gcc/avr/4.3.3/../../../../avr/lib/avr4/crtm8.o
__vector_5                                        f:/application/winavr/bin/../lib/gcc/avr/4.3.3/../../../../avr/lib/avr4/crtm8.o
__vector_6                                        f:/application/winavr/bin/../lib/gcc/avr/4.3.3/../../../../avr/lib/avr4/crtm8.o
__vector_7                                        f:/application/winavr/bin/../lib/gcc/avr/4.3.3/../../../../avr/lib/avr4/crtm8.o
__vector_8                                        f:/application/winavr/bin/../lib/gcc/avr/4.3.3/../../../../avr/lib/avr4/crtm8.o
__vector_9                                        f:/application/winavr/bin/../lib/gcc/avr/4.3.3/../../../../avr/lib/avr4/crtm8.o
__vector_default                                  f:/application/winavr/bin/../lib/gcc/avr/4.3.3/../../../../avr/lib/avr4/crtm8.o
__vectors                                         f:/application/winavr/bin/../lib/gcc/avr/4.3.3/../../../../avr/lib/avr4/crtm8.o
_div                                              f:/application/winavr/bin/../lib/gcc/avr/4.3.3/avr4\libgcc.a(_divmodhi4.o)
_exit                                             f:/application/winavr/bin/../lib/gcc/avr/4.3.3/avr4\libgcc.a(_exit.o)
exit                                              f:/application/winavr/bin/../lib/gcc/avr/4.3.3/avr4\libgcc.a(_exit.o)
                                                  f:/application/winavr/bin/../lib/gcc/avr/4.3.3/../../../../avr/lib/avr4/crtm8.o
followPID()                                       main.o
init_motors()                                     main.o
integral                                          main.o
last_proportional                                 main.o
main                                              main.o
                                                  f:/application/winavr/bin/../lib/gcc/avr/4.3.3/../../../../avr/lib/avr4/crtm8.o
motors(int, int)                                  main.o
num_sensor                                        main.o
read_line()                                       main.o
readsens()                                        main.o
sensor_values                                     main.o
